#
# There is insufficient memory for the Java Runtime Environment to continue.
# Native memory allocation (malloc) failed to allocate 1048576 bytes. Error detail: AllocateHeap
# Possible reasons:
#   The system is out of physical RAM or swap space
#   This process is running with CompressedOops enabled, and the Java Heap may be blocking the growth of the native heap
# Possible solutions:
#   Reduce memory load on the system
#   Increase physical memory or swap space
#   Check if swap backing store is full
#   Decrease Java heap size (-Xmx/-Xms)
#   Decrease number of Java threads
#   Decrease Java thread stack sizes (-Xss)
#   Set larger code cache with -XX:ReservedCodeCacheSize=
#   JVM is running with Unscaled Compressed Oops mode in which the Java heap is
#     placed in the first 4GB address space. The Java Heap base address is the
#     maximum limit for the native heap growth. Please use -XX:HeapBaseMinAddress
#     to set the Java Heap base and to place the Java Heap above 4GB virtual address.
# This output file may be truncated or incomplete.
#
#  Out of Memory Error (allocation.cpp:44), pid=50040, tid=42164
#
# JRE version: OpenJDK Runtime Environment Temurin-21.0.9+10 (21.0.9+10) (build 21.0.9+10-LTS)
# Java VM: OpenJDK 64-Bit Server VM Temurin-21.0.9+10 (21.0.9+10-LTS, mixed mode, sharing, tiered, compressed oops, compressed class ptrs, parallel gc, windows-amd64)
# No core dump will be written. Minidumps are not enabled by default on client versions of Windows
#

---------------  S U M M A R Y ------------

Command Line: --add-modules=ALL-SYSTEM --add-opens=java.base/java.util=ALL-UNNAMED --add-opens=java.base/java.lang=ALL-UNNAMED --add-opens=java.base/sun.nio.fs=ALL-UNNAMED -Declipse.application=org.eclipse.jdt.ls.core.id1 -Dosgi.bundles.defaultStartLevel=4 -Declipse.product=org.eclipse.jdt.ls.core.product -Djava.import.generatesMetadataFilesAtProjectRoot=false -DDetectVMInstallationsJob.disabled=true -Dfile.encoding=utf8 -XX:+UseParallelGC -XX:GCTimeRatio=4 -XX:AdaptiveSizePolicyWeight=90 -Dsun.zip.disableMemoryMapping=true -Xmx2G -Xms100m -Xlog:disable -javaagent:c:\Users\kobag\.vscode\extensions\redhat.java-1.50.0-win32-x64\lombok\lombok-1.18.39-4050.jar -XX:+HeapDumpOnOutOfMemoryError -XX:HeapDumpPath=c:\Users\kobag\AppData\Roaming\Code\User\workspaceStorage\8701cea4ed15b90149a67a4907d0c3e1\redhat.java -Daether.dependencyCollector.impl=bf c:\Users\kobag\.vscode\extensions\redhat.java-1.50.0-win32-x64\server\plugins\org.eclipse.equinox.launcher_1.7.100.v20251111-0406.jar -configuration c:\Users\kobag\AppData\Roaming\Code\User\globalStorage\redhat.java\1.50.0\config_win -data c:\Users\kobag\AppData\Roaming\Code\User\workspaceStorage\8701cea4ed15b90149a67a4907d0c3e1\redhat.java\jdt_ws --pipe=\\.\pipe\lsp-b1306205cbb227c0a3d538be5f88a45e-sock

Host: 11th Gen Intel(R) Core(TM) i7-11700 @ 2.50GHz, 16 cores, 15G,  Windows 11 , 64 bit Build 26100 (10.0.26100.7309)
Time: Fri Dec 26 13:50:12 2025 elapsed time: 166234.119231 seconds (1d 22h 10m 34s)

---------------  T H R E A D  ---------------

Current thread (0x0000022f2d90d630):  JavaThread "Attach Listener" daemon [_thread_in_vm, id=42164, stack(0x00000070b8100000,0x00000070b8200000) (1024K)]

Stack: [0x00000070b8100000,0x00000070b8200000]
Native frames: (J=compiled Java code, j=interpreted, Vv=VM code, C=native code)
V  [jvm.dll+0x6d6e29]
V  [jvm.dll+0x8b4b76]
V  [jvm.dll+0x8b712e]
V  [jvm.dll+0x8b7813]
V  [jvm.dll+0x283d86]
V  [jvm.dll+0xc1277]
V  [jvm.dll+0x6d76d9]
V  [jvm.dll+0x133466]
V  [jvm.dll+0x3f7ea6]
V  [jvm.dll+0x85e9ad]
V  [jvm.dll+0x6d565d]
C  [ucrtbase.dll+0x37b0]
C  [KERNEL32.DLL+0x2e8d7]
C  [ntdll.dll+0x8c53c]


---------------  P R O C E S S  ---------------

Threads class SMR info:
_java_thread_list=0x0000022f77b8f000, length=43, elements={
0x0000022f13322630, 0x0000022f2d901d20, 0x0000022f2d9039b0, 0x0000022f2d90c9e0,
0x0000022f2d90d630, 0x0000022f2d90e690, 0x0000022f6fb58340, 0x0000022f6fb5b0d0,
0x0000022f6fb67700, 0x0000022f6fd94aa0, 0x0000022f6fdec300, 0x0000022f76a9c7b0,
0x0000022f76b1bb60, 0x0000022f76a7c380, 0x0000022f76a7c9e0, 0x0000022f76f54770,
0x0000022f76f526a0, 0x0000022f76f51980, 0x0000022f76f53a50, 0x0000022f76f54e00,
0x0000022f76f1a150, 0x0000022f76f1e2f0, 0x0000022f76f1dc60, 0x0000022f76f1ae70,
0x0000022f76f1c8b0, 0x0000022f76f1cf40, 0x0000022f76f1e980, 0x0000022f76f1b500,
0x0000022f76f1f010, 0x0000022f76f1bb90, 0x0000022f76f1fd30, 0x0000022f76f1d5d0,
0x0000022f76f203c0, 0x0000022f76f1f6a0, 0x0000022f76f20a50, 0x0000022f76f210e0,
0x0000022f7a895b90, 0x0000022f7a894e70, 0x0000022f7a896f40, 0x0000022f7a896220,
0x0000022f7a899010, 0x0000022f7982ccb0, 0x0000022f7982d340
}

Java Threads: ( => current thread )
  0x0000022f13322630 JavaThread "main"                              [_thread_blocked, id=40540, stack(0x00000070b7a00000,0x00000070b7b00000) (1024K)]
  0x0000022f2d901d20 JavaThread "Reference Handler"          daemon [_thread_blocked, id=51012, stack(0x00000070b7e00000,0x00000070b7f00000) (1024K)]
  0x0000022f2d9039b0 JavaThread "Finalizer"                  daemon [_thread_blocked, id=47968, stack(0x00000070b7f00000,0x00000070b8000000) (1024K)]
  0x0000022f2d90c9e0 JavaThread "Signal Dispatcher"          daemon [_thread_blocked, id=36220, stack(0x00000070b8000000,0x00000070b8100000) (1024K)]
=>0x0000022f2d90d630 JavaThread "Attach Listener"            daemon [_thread_in_vm, id=42164, stack(0x00000070b8100000,0x00000070b8200000) (1024K)]
  0x0000022f2d90e690 JavaThread "Service Thread"             daemon [_thread_blocked, id=45288, stack(0x00000070b8200000,0x00000070b8300000) (1024K)]
  0x0000022f6fb58340 JavaThread "Monitor Deflation Thread"   daemon [_thread_blocked, id=33076, stack(0x00000070b8300000,0x00000070b8400000) (1024K)]
  0x0000022f6fb5b0d0 JavaThread "C2 CompilerThread0"         daemon [_thread_blocked, id=49176, stack(0x00000070b8400000,0x00000070b8500000) (1024K)]
  0x0000022f6fb67700 JavaThread "C1 CompilerThread0"         daemon [_thread_blocked, id=48640, stack(0x00000070b8500000,0x00000070b8600000) (1024K)]
  0x0000022f6fd94aa0 JavaThread "Common-Cleaner"             daemon [_thread_blocked, id=34284, stack(0x00000070b8700000,0x00000070b8800000) (1024K)]
  0x0000022f6fdec300 JavaThread "Notification Thread"        daemon [_thread_blocked, id=36632, stack(0x00000070b8a00000,0x00000070b8b00000) (1024K)]
  0x0000022f76a9c7b0 JavaThread "Active Thread: Equinox Container: a0e5458a-d18f-470b-b77b-b6bfec2e17f2"        [_thread_blocked, id=31320, stack(0x00000070b9400000,0x00000070b9500000) (1024K)]
  0x0000022f76b1bb60 JavaThread "Refresh Thread: Equinox Container: a0e5458a-d18f-470b-b77b-b6bfec2e17f2" daemon [_thread_blocked, id=43428, stack(0x00000070b9600000,0x00000070b9700000) (1024K)]
  0x0000022f76a7c380 JavaThread "Framework Event Dispatcher: Equinox Container: a0e5458a-d18f-470b-b77b-b6bfec2e17f2" daemon [_thread_blocked, id=42244, stack(0x00000070b9700000,0x00000070b9800000) (1024K)]
  0x0000022f76a7c9e0 JavaThread "Start Level: Equinox Container: a0e5458a-d18f-470b-b77b-b6bfec2e17f2" daemon [_thread_blocked, id=45628, stack(0x00000070b9800000,0x00000070b9900000) (1024K)]
  0x0000022f76f54770 JavaThread "Bundle File Closer"         daemon [_thread_blocked, id=53952, stack(0x00000070b9c00000,0x00000070b9d00000) (1024K)]
  0x0000022f76f526a0 JavaThread "SCR Component Actor"        daemon [_thread_blocked, id=29688, stack(0x00000070b9300000,0x00000070b9400000) (1024K)]
  0x0000022f76f51980 JavaThread "Worker-JM"                         [_thread_blocked, id=14704, stack(0x00000070b9e00000,0x00000070b9f00000) (1024K)]
  0x0000022f76f53a50 JavaThread "JNA Cleaner"                daemon [_thread_blocked, id=7516, stack(0x00000070b9f00000,0x00000070ba000000) (1024K)]
  0x0000022f76f54e00 JavaThread "Java indexing"              daemon [_thread_blocked, id=25908, stack(0x00000070ba300000,0x00000070ba400000) (1024K)]
  0x0000022f76f1a150 JavaThread "Thread-1"                   daemon [_thread_in_native, id=5572, stack(0x00000070baa00000,0x00000070bab00000) (1024K)]
  0x0000022f76f1e2f0 JavaThread "Thread-2"                   daemon [_thread_in_native, id=11920, stack(0x00000070bab00000,0x00000070bac00000) (1024K)]
  0x0000022f76f1dc60 JavaThread "Thread-3"                   daemon [_thread_in_native, id=43848, stack(0x00000070bac00000,0x00000070bad00000) (1024K)]
  0x0000022f76f1ae70 JavaThread "Thread-4"                   daemon [_thread_in_native, id=38520, stack(0x00000070bad00000,0x00000070bae00000) (1024K)]
  0x0000022f76f1c8b0 JavaThread "Thread-5"                   daemon [_thread_in_native, id=55120, stack(0x00000070bae00000,0x00000070baf00000) (1024K)]
  0x0000022f76f1cf40 JavaThread "Thread-6"                   daemon [_thread_in_native, id=29452, stack(0x00000070baf00000,0x00000070bb000000) (1024K)]
  0x0000022f76f1e980 JavaThread "Thread-7"                   daemon [_thread_in_native, id=17648, stack(0x00000070bb000000,0x00000070bb100000) (1024K)]
  0x0000022f76f1b500 JavaThread "Thread-8"                   daemon [_thread_in_native, id=7396, stack(0x00000070bb100000,0x00000070bb200000) (1024K)]
  0x0000022f76f1f010 JavaThread "Thread-9"                   daemon [_thread_in_native, id=28692, stack(0x00000070bb200000,0x00000070bb300000) (1024K)]
  0x0000022f76f1bb90 JavaThread "Thread-10"                  daemon [_thread_in_native, id=8900, stack(0x00000070bb300000,0x00000070bb400000) (1024K)]
  0x0000022f76f1fd30 JavaThread "Thread-11"                  daemon [_thread_in_native, id=44712, stack(0x00000070bb400000,0x00000070bb500000) (1024K)]
  0x0000022f76f1d5d0 JavaThread "Thread-12"                  daemon [_thread_in_native, id=54944, stack(0x00000070bb500000,0x00000070bb600000) (1024K)]
  0x0000022f76f203c0 JavaThread "Thread-13"                  daemon [_thread_in_native, id=14332, stack(0x00000070bb600000,0x00000070bb700000) (1024K)]
  0x0000022f76f1f6a0 JavaThread "Thread-14"                  daemon [_thread_in_native, id=31004, stack(0x00000070bb700000,0x00000070bb800000) (1024K)]
  0x0000022f76f20a50 JavaThread "Thread-15"                  daemon [_thread_in_native, id=3468, stack(0x00000070bb800000,0x00000070bb900000) (1024K)]
  0x0000022f76f210e0 JavaThread "Thread-16"                  daemon [_thread_in_native, id=26688, stack(0x00000070bb900000,0x00000070bba00000) (1024K)]
  0x0000022f7a895b90 JavaThread "Thread-17"                  daemon [_thread_in_native, id=8612, stack(0x00000070bba00000,0x00000070bbb00000) (1024K)]
  0x0000022f7a894e70 JavaThread "pool-2-thread-1"                   [_thread_blocked, id=19804, stack(0x00000070bbb00000,0x00000070bbc00000) (1024K)]
  0x0000022f7a896f40 JavaThread "WorkspaceEventsHandler"            [_thread_blocked, id=30208, stack(0x00000070bbd00000,0x00000070bbe00000) (1024K)]
  0x0000022f7a896220 JavaThread "pool-1-thread-1"                   [_thread_blocked, id=29796, stack(0x00000070bbe00000,0x00000070bbf00000) (1024K)]
  0x0000022f7a899010 JavaThread "pool-3-thread-1"                   [_thread_blocked, id=44852, stack(0x00000070b8900000,0x00000070b8a00000) (1024K)]
  0x0000022f7982ccb0 JavaThread "Worker-10"                         [_thread_blocked, id=59128, stack(0x00000070b7900000,0x00000070b7a00000) (1024K)]
  0x0000022f7982d340 JavaThread "Worker-11"                         [_thread_blocked, id=58400, stack(0x00000070b7700000,0x00000070b7800000) (1024K)]
Total: 43

Other Threads:
  0x0000022f6fb54f70 VMThread "VM Thread"                           [id=46948, stack(0x00000070b7d00000,0x00000070b7e00000) (1024K)]
  0x0000022f16f025f0 WatcherThread "VM Periodic Task Thread"        [id=44384, stack(0x00000070b7c00000,0x00000070b7d00000) (1024K)]
  0x0000022f16eb3970 WorkerThread "GC Thread#0"                     [id=5280, stack(0x00000070b7b00000,0x00000070b7c00000) (1024K)]
  0x0000022f76073030 WorkerThread "GC Thread#1"                     [id=44404, stack(0x00000070b8d00000,0x00000070b8e00000) (1024K)]
  0x0000022f760733d0 WorkerThread "GC Thread#2"                     [id=54340, stack(0x00000070b8e00000,0x00000070b8f00000) (1024K)]
  0x0000022f76073770 WorkerThread "GC Thread#3"                     [id=54164, stack(0x00000070b8f00000,0x00000070b9000000) (1024K)]
  0x0000022f768d3db0 WorkerThread "GC Thread#4"                     [id=2024, stack(0x00000070b9000000,0x00000070b9100000) (1024K)]
  0x0000022f768d4150 WorkerThread "GC Thread#5"                     [id=40552, stack(0x00000070b9100000,0x00000070b9200000) (1024K)]
  0x0000022f768d44f0 WorkerThread "GC Thread#6"                     [id=55116, stack(0x00000070b9200000,0x00000070b9300000) (1024K)]
  0x0000022f769e2400 WorkerThread "GC Thread#7"                     [id=35056, stack(0x00000070b9500000,0x00000070b9600000) (1024K)]
  0x0000022f769b71d0 WorkerThread "GC Thread#8"                     [id=53592, stack(0x00000070b9900000,0x00000070b9a00000) (1024K)]
  0x0000022f769b7570 WorkerThread "GC Thread#9"                     [id=42540, stack(0x00000070b9a00000,0x00000070b9b00000) (1024K)]
  0x0000022f769b8050 WorkerThread "GC Thread#10"                    [id=48220, stack(0x00000070b9b00000,0x00000070b9c00000) (1024K)]
  0x0000022f769b7cb0 WorkerThread "GC Thread#11"                    [id=14100, stack(0x00000070b9d00000,0x00000070b9e00000) (1024K)]
  0x0000022f769b83f0 WorkerThread "GC Thread#12"                    [id=37232, stack(0x00000070b8c00000,0x00000070b8d00000) (1024K)]
Total: 15

Threads with active compile tasks:
Total: 0

VM state: not at safepoint (normal execution)

VM Mutex/Monitor currently owned by a thread: None

Heap address: 0x0000000080000000, size: 2048 MB, Compressed Oops mode: 32-bit

CDS archive(s) mapped at: [0x0000022f2e000000-0x0000022f2eba0000-0x0000022f2eba0000), size 12189696, SharedBaseAddress: 0x0000022f2e000000, ArchiveRelocationMode: 1.
Compressed class space mapped at: 0x0000022f2f000000-0x0000022f6f000000, reserved size: 1073741824
Narrow klass base: 0x0000022f2e000000, Narrow klass shift: 0, Narrow klass range: 0x100000000

GC Precious Log:
 CardTable entry size: 512
 CPUs: 16 total, 16 available
 Memory: 16149M
 Large Page Support: Disabled
 NUMA Support: Disabled
 Compressed Oops: Enabled (32-bit)
 Alignments: Space 512K, Generation 512K, Heap 2M
 Heap Min Capacity: 100M
 Heap Initial Capacity: 100M
 Heap Max Capacity: 2G
 Pre-touch: Disabled
 Parallel Workers: 13

Heap:
 PSYoungGen      total 4096K, used 1008K [0x00000000d5580000, 0x00000000d5b00000, 0x0000000100000000)
  eden space 3584K, 16% used [0x00000000d5580000,0x00000000d5614110,0x00000000d5900000)
  from space 512K, 81% used [0x00000000d5a00000,0x00000000d5a68020,0x00000000d5a80000)
  to   space 512K, 0% used [0x00000000d5a80000,0x00000000d5a80000,0x00000000d5b00000)
 ParOldGen       total 627200K, used 223514K [0x0000000080000000, 0x00000000a6480000, 0x00000000d5580000)
  object space 627200K, 35% used [0x0000000080000000,0x000000008da46b58,0x00000000a6480000)
 Metaspace       used 60024K, committed 61440K, reserved 1114112K
  class space    used 6445K, committed 7040K, reserved 1048576K

Card table byte_map: [0x0000022f16830000,0x0000022f16c40000] _byte_map_base: 0x0000022f16430000

Marking Bits: (ParMarkBitMap*) 0x00007ff953762460
 Begin Bits: [0x0000022f29310000, 0x0000022f2b310000)
 End Bits:   [0x0000022f2b310000, 0x0000022f2d310000)

Polling page: 0x0000022f16620000

Metaspace:

Usage:
  Non-class:     52.32 MB used.
      Class:      6.29 MB used.
       Both:     58.62 MB used.

Virtual space:
  Non-class space:       64.00 MB reserved,      53.12 MB ( 83%) committed,  1 nodes.
      Class space:        1.00 GB reserved,       6.88 MB ( <1%) committed,  1 nodes.
             Both:        1.06 GB reserved,      60.00 MB (  6%) committed. 

Chunk freelists:
   Non-Class:  10.07 MB
       Class:  9.16 MB
        Both:  19.22 MB

MaxMetaspaceSize: unlimited
CompressedClassSpaceSize: 1.00 GB
Initial GC threshold: 21.00 MB
Current GC threshold: 97.31 MB
CDS: on
 - commit_granule_bytes: 65536.
 - commit_granule_words: 8192.
 - virtual_space_node_default_size: 8388608.
 - enlarge_chunks_in_place: 1.
 - use_allocation_guard: 0.


Internal statistics:

num_allocs_failed_limit: 9.
num_arena_births: 1022.
num_arena_deaths: 40.
num_vsnodes_births: 2.
num_vsnodes_deaths: 0.
num_space_committed: 960.
num_space_uncommitted: 0.
num_chunks_returned_to_freelist: 59.
num_chunks_taken_from_freelist: 3667.
num_chunk_merges: 15.
num_chunk_splits: 2208.
num_chunks_enlarged: 1216.
num_inconsistent_stats: 0.

CodeHeap 'non-profiled nmethods': size=119168Kb used=9563Kb max_used=9563Kb free=109604Kb
 bounds [0x0000022f21c00000, 0x0000022f22560000, 0x0000022f29060000]
CodeHeap 'profiled nmethods': size=119104Kb used=22421Kb max_used=22421Kb free=96682Kb
 bounds [0x0000022f1a060000, 0x0000022f1b650000, 0x0000022f214b0000]
CodeHeap 'non-nmethods': size=7488Kb used=1453Kb max_used=3175Kb free=6034Kb
 bounds [0x0000022f214b0000, 0x0000022f217e0000, 0x0000022f21c00000]
CodeCache: size=245760Kb, used=33437Kb, max_used=35159Kb, free=212320Kb
 total_blobs=11070, nmethods=10315, adapters=661, full_count=0
Compilation: enabled, stopped_count=0, restarted_count=0

Compilation events (20 events):
Event: 150674.315 Thread 0x0000022f6fb67700 11068       3       com.sun.org.apache.xml.internal.serializer.WriterToUTF8Buffered::write (523 bytes)
Event: 150674.320 Thread 0x0000022f6fb67700 nmethod 11068 0x0000022f1b63ee10 code [0x0000022f1b63f0a0, 0x0000022f1b63fdc8]
Event: 150674.371 Thread 0x0000022f6fb67700 11069       3       jdk.internal.misc.Unsafe::bool2byte (10 bytes)
Event: 150674.371 Thread 0x0000022f6fb67700 nmethod 11069 0x0000022f1b640490 code [0x0000022f1b640620, 0x0000022f1b640780]
Event: 150674.441 Thread 0x0000022f6fb67700 11070       3       java.util.concurrent.ForkJoinTask::signalWaiters (61 bytes)
Event: 150674.447 Thread 0x0000022f6fb67700 nmethod 11070 0x0000022f1b640810 code [0x0000022f1b640a20, 0x0000022f1b641078]
Event: 150674.540 Thread 0x0000022f6fb67700 11071       3       java.io.ObjectOutputStream$BlockDataOutputStream::getUTFLength (124 bytes)
Event: 150674.541 Thread 0x0000022f6fb67700 nmethod 11071 0x0000022f1b641290 code [0x0000022f1b641480, 0x0000022f1b641a28]
Event: 150674.541 Thread 0x0000022f6fb67700 11072       3       java.io.ObjectOutputStream$BlockDataOutputStream::writeBytes (144 bytes)
Event: 150674.542 Thread 0x0000022f6fb67700 nmethod 11072 0x0000022f1b641c90 code [0x0000022f1b641ea0, 0x0000022f1b642518]
Event: 150674.600 Thread 0x0000022f6fb67700 11073       1       org.eclipse.core.internal.dtree.DeletedNode::isDeleted (2 bytes)
Event: 150674.600 Thread 0x0000022f6fb67700 nmethod 11073 0x0000022f22556310 code [0x0000022f225564a0, 0x0000022f22556568]
Event: 150674.611 Thread 0x0000022f6fb67700 11074       3       org.eclipse.core.internal.jobs.DeadlockDetector::lockReleased (273 bytes)
Event: 150674.639 Thread 0x0000022f6fb67700 nmethod 11074 0x0000022f1b642810 code [0x0000022f1b642bc0, 0x0000022f1b644508]
Event: 150675.151 Thread 0x0000022f6fb67700 11075   !   3       org.eclipse.core.internal.jobs.LockManager::addLockThread (53 bytes)
Event: 150675.157 Thread 0x0000022f6fb67700 nmethod 11075 0x0000022f1b644d90 code [0x0000022f1b644fa0, 0x0000022f1b645408]
Event: 163768.128 Thread 0x0000022f6fb5b0d0 11076       4       jdk.internal.misc.InnocuousThread::eraseThreadLocals (23 bytes)
Event: 163768.146 Thread 0x0000022f6fb5b0d0 nmethod 11076 0x0000022f22556610 code [0x0000022f225567a0, 0x0000022f22556830]
Event: 165621.251 Thread 0x0000022f6fb5b0d0 11077       4       org.eclipse.core.internal.jobs.JobManager$$Lambda/0x0000022f2f1b4be8::applyAsLong (9 bytes)
Event: 165621.271 Thread 0x0000022f6fb5b0d0 nmethod 11077 0x0000022f22556910 code [0x0000022f22556aa0, 0x0000022f22556b98]

GC Heap History (20 events):
Event: 2912.912 GC heap before
{Heap before GC invocations=951 (full 3):
 PSYoungGen      total 4096K, used 4000K [0x00000000d5580000, 0x00000000d5b00000, 0x0000000100000000)
  eden space 3584K, 100% used [0x00000000d5580000,0x00000000d5900000,0x00000000d5900000)
  from space 512K, 81% used [0x00000000d5a00000,0x00000000d5a68000,0x00000000d5a80000)
  to   space 512K, 0% used [0x00000000d5a80000,0x00000000d5a80000,0x00000000d5b00000)
 ParOldGen       total 627200K, used 222738K [0x0000000080000000, 0x00000000a6480000, 0x00000000d5580000)
  object space 627200K, 35% used [0x0000000080000000,0x000000008d984b38,0x00000000a6480000)
 Metaspace       used 59800K, committed 61184K, reserved 1114112K
  class space    used 6444K, committed 7040K, reserved 1048576K
}
Event: 2912.914 GC heap after
{Heap after GC invocations=951 (full 3):
 PSYoungGen      total 4096K, used 496K [0x00000000d5580000, 0x00000000d5b00000, 0x0000000100000000)
  eden space 3584K, 0% used [0x00000000d5580000,0x00000000d5580000,0x00000000d5900000)
  from space 512K, 96% used [0x00000000d5a80000,0x00000000d5afc030,0x00000000d5b00000)
  to   space 512K, 0% used [0x00000000d5a00000,0x00000000d5a00000,0x00000000d5a80000)
 ParOldGen       total 627200K, used 222826K [0x0000000080000000, 0x00000000a6480000, 0x00000000d5580000)
  object space 627200K, 35% used [0x0000000080000000,0x000000008d99ab38,0x00000000a6480000)
 Metaspace       used 59800K, committed 61184K, reserved 1114112K
  class space    used 6444K, committed 7040K, reserved 1048576K
}
Event: 3931.865 GC heap before
{Heap before GC invocations=952 (full 3):
 PSYoungGen      total 4096K, used 4080K [0x00000000d5580000, 0x00000000d5b00000, 0x0000000100000000)
  eden space 3584K, 100% used [0x00000000d5580000,0x00000000d5900000,0x00000000d5900000)
  from space 512K, 96% used [0x00000000d5a80000,0x00000000d5afc030,0x00000000d5b00000)
  to   space 512K, 0% used [0x00000000d5a00000,0x00000000d5a00000,0x00000000d5a80000)
 ParOldGen       total 627200K, used 222826K [0x0000000080000000, 0x00000000a6480000, 0x00000000d5580000)
  object space 627200K, 35% used [0x0000000080000000,0x000000008d99ab38,0x00000000a6480000)
 Metaspace       used 59822K, committed 61248K, reserved 1114112K
  class space    used 6444K, committed 7040K, reserved 1048576K
}
Event: 3931.875 GC heap after
{Heap after GC invocations=952 (full 3):
 PSYoungGen      total 4096K, used 416K [0x00000000d5580000, 0x00000000d5b00000, 0x0000000100000000)
  eden space 3584K, 0% used [0x00000000d5580000,0x00000000d5580000,0x00000000d5900000)
  from space 512K, 81% used [0x00000000d5a00000,0x00000000d5a68000,0x00000000d5a80000)
  to   space 512K, 0% used [0x00000000d5a80000,0x00000000d5a80000,0x00000000d5b00000)
 ParOldGen       total 627200K, used 222906K [0x0000000080000000, 0x00000000a6480000, 0x00000000d5580000)
  object space 627200K, 35% used [0x0000000080000000,0x000000008d9aeb38,0x00000000a6480000)
 Metaspace       used 59822K, committed 61248K, reserved 1114112K
  class space    used 6444K, committed 7040K, reserved 1048576K
}
Event: 5790.016 GC heap before
{Heap before GC invocations=953 (full 3):
 PSYoungGen      total 4096K, used 4000K [0x00000000d5580000, 0x00000000d5b00000, 0x0000000100000000)
  eden space 3584K, 100% used [0x00000000d5580000,0x00000000d5900000,0x00000000d5900000)
  from space 512K, 81% used [0x00000000d5a00000,0x00000000d5a68000,0x00000000d5a80000)
  to   space 512K, 0% used [0x00000000d5a80000,0x00000000d5a80000,0x00000000d5b00000)
 ParOldGen       total 627200K, used 222906K [0x0000000080000000, 0x00000000a6480000, 0x00000000d5580000)
  object space 627200K, 35% used [0x0000000080000000,0x000000008d9aeb38,0x00000000a6480000)
 Metaspace       used 59837K, committed 61248K, reserved 1114112K
  class space    used 6444K, committed 7040K, reserved 1048576K
}
Event: 5790.040 GC heap after
{Heap after GC invocations=953 (full 3):
 PSYoungGen      total 4096K, used 480K [0x00000000d5580000, 0x00000000d5b00000, 0x0000000100000000)
  eden space 3584K, 0% used [0x00000000d5580000,0x00000000d5580000,0x00000000d5900000)
  from space 512K, 93% used [0x00000000d5a80000,0x00000000d5af8020,0x00000000d5b00000)
  to   space 1024K, 0% used [0x00000000d5900000,0x00000000d5900000,0x00000000d5a00000)
 ParOldGen       total 627200K, used 223010K [0x0000000080000000, 0x00000000a6480000, 0x00000000d5580000)
  object space 627200K, 35% used [0x0000000080000000,0x000000008d9c8b38,0x00000000a6480000)
 Metaspace       used 59837K, committed 61248K, reserved 1114112K
  class space    used 6444K, committed 7040K, reserved 1048576K
}
Event: 68449.964 GC heap before
{Heap before GC invocations=954 (full 3):
 PSYoungGen      total 4096K, used 4064K [0x00000000d5580000, 0x00000000d5b00000, 0x0000000100000000)
  eden space 3584K, 100% used [0x00000000d5580000,0x00000000d5900000,0x00000000d5900000)
  from space 512K, 93% used [0x00000000d5a80000,0x00000000d5af8020,0x00000000d5b00000)
  to   space 1024K, 0% used [0x00000000d5900000,0x00000000d5900000,0x00000000d5a00000)
 ParOldGen       total 627200K, used 223010K [0x0000000080000000, 0x00000000a6480000, 0x00000000d5580000)
  object space 627200K, 35% used [0x0000000080000000,0x000000008d9c8b38,0x00000000a6480000)
 Metaspace       used 59907K, committed 61312K, reserved 1114112K
  class space    used 6444K, committed 7040K, reserved 1048576K
}
Event: 68450.042 GC heap after
{Heap after GC invocations=954 (full 3):
 PSYoungGen      total 4608K, used 320K [0x00000000d5580000, 0x00000000d5b00000, 0x0000000100000000)
  eden space 3584K, 0% used [0x00000000d5580000,0x00000000d5580000,0x00000000d5900000)
  from space 1024K, 31% used [0x00000000d5900000,0x00000000d5950000,0x00000000d5a00000)
  to   space 512K, 0% used [0x00000000d5a80000,0x00000000d5a80000,0x00000000d5b00000)
 ParOldGen       total 627200K, used 223130K [0x0000000080000000, 0x00000000a6480000, 0x00000000d5580000)
  object space 627200K, 35% used [0x0000000080000000,0x000000008d9e6b58,0x00000000a6480000)
 Metaspace       used 59907K, committed 61312K, reserved 1114112K
  class space    used 6444K, committed 7040K, reserved 1048576K
}
Event: 107074.293 GC heap before
{Heap before GC invocations=955 (full 3):
 PSYoungGen      total 4608K, used 3904K [0x00000000d5580000, 0x00000000d5b00000, 0x0000000100000000)
  eden space 3584K, 100% used [0x00000000d5580000,0x00000000d5900000,0x00000000d5900000)
  from space 1024K, 31% used [0x00000000d5900000,0x00000000d5950000,0x00000000d5a00000)
  to   space 512K, 0% used [0x00000000d5a80000,0x00000000d5a80000,0x00000000d5b00000)
 ParOldGen       total 627200K, used 223130K [0x0000000080000000, 0x00000000a6480000, 0x00000000d5580000)
  object space 627200K, 35% used [0x0000000080000000,0x000000008d9e6b58,0x00000000a6480000)
 Metaspace       used 59939K, committed 61312K, reserved 1114112K
  class space    used 6444K, committed 7040K, reserved 1048576K
}
Event: 107074.339 GC heap after
{Heap after GC invocations=955 (full 3):
 PSYoungGen      total 4096K, used 480K [0x00000000d5580000, 0x00000000d5b00000, 0x0000000100000000)
  eden space 3584K, 0% used [0x00000000d5580000,0x00000000d5580000,0x00000000d5900000)
  from space 512K, 93% used [0x00000000d5a80000,0x00000000d5af8000,0x00000000d5b00000)
  to   space 512K, 0% used [0x00000000d5a00000,0x00000000d5a00000,0x00000000d5a80000)
 ParOldGen       total 627200K, used 223186K [0x0000000080000000, 0x00000000a6480000, 0x00000000d5580000)
  object space 627200K, 35% used [0x0000000080000000,0x000000008d9f4b58,0x00000000a6480000)
 Metaspace       used 59939K, committed 61312K, reserved 1114112K
  class space    used 6444K, committed 7040K, reserved 1048576K
}
Event: 107162.072 GC heap before
{Heap before GC invocations=956 (full 3):
 PSYoungGen      total 4096K, used 4064K [0x00000000d5580000, 0x00000000d5b00000, 0x0000000100000000)
  eden space 3584K, 100% used [0x00000000d5580000,0x00000000d5900000,0x00000000d5900000)
  from space 512K, 93% used [0x00000000d5a80000,0x00000000d5af8000,0x00000000d5b00000)
  to   space 512K, 0% used [0x00000000d5a00000,0x00000000d5a00000,0x00000000d5a80000)
 ParOldGen       total 627200K, used 223186K [0x0000000080000000, 0x00000000a6480000, 0x00000000d5580000)
  object space 627200K, 35% used [0x0000000080000000,0x000000008d9f4b58,0x00000000a6480000)
 Metaspace       used 59951K, committed 61312K, reserved 1114112K
  class space    used 6444K, committed 7040K, reserved 1048576K
}
Event: 107162.084 GC heap after
{Heap after GC invocations=956 (full 3):
 PSYoungGen      total 4096K, used 416K [0x00000000d5580000, 0x00000000d5b00000, 0x0000000100000000)
  eden space 3584K, 0% used [0x00000000d5580000,0x00000000d5580000,0x00000000d5900000)
  from space 512K, 81% used [0x00000000d5a00000,0x00000000d5a68000,0x00000000d5a80000)
  to   space 512K, 0% used [0x00000000d5a80000,0x00000000d5a80000,0x00000000d5b00000)
 ParOldGen       total 627200K, used 223274K [0x0000000080000000, 0x00000000a6480000, 0x00000000d5580000)
  object space 627200K, 35% used [0x0000000080000000,0x000000008da0ab58,0x00000000a6480000)
 Metaspace       used 59951K, committed 61312K, reserved 1114112K
  class space    used 6444K, committed 7040K, reserved 1048576K
}
Event: 107298.354 GC heap before
{Heap before GC invocations=957 (full 3):
 PSYoungGen      total 4096K, used 4000K [0x00000000d5580000, 0x00000000d5b00000, 0x0000000100000000)
  eden space 3584K, 100% used [0x00000000d5580000,0x00000000d5900000,0x00000000d5900000)
  from space 512K, 81% used [0x00000000d5a00000,0x00000000d5a68000,0x00000000d5a80000)
  to   space 512K, 0% used [0x00000000d5a80000,0x00000000d5a80000,0x00000000d5b00000)
 ParOldGen       total 627200K, used 223274K [0x0000000080000000, 0x00000000a6480000, 0x00000000d5580000)
  object space 627200K, 35% used [0x0000000080000000,0x000000008da0ab58,0x00000000a6480000)
 Metaspace       used 59966K, committed 61376K, reserved 1114112K
  class space    used 6444K, committed 7040K, reserved 1048576K
}
Event: 107298.362 GC heap after
{Heap after GC invocations=957 (full 3):
 PSYoungGen      total 4096K, used 352K [0x00000000d5580000, 0x00000000d5b00000, 0x0000000100000000)
  eden space 3584K, 0% used [0x00000000d5580000,0x00000000d5580000,0x00000000d5900000)
  from space 512K, 68% used [0x00000000d5a80000,0x00000000d5ad8000,0x00000000d5b00000)
  to   space 512K, 0% used [0x00000000d5a00000,0x00000000d5a00000,0x00000000d5a80000)
 ParOldGen       total 627200K, used 223338K [0x0000000080000000, 0x00000000a6480000, 0x00000000d5580000)
  object space 627200K, 35% used [0x0000000080000000,0x000000008da1ab58,0x00000000a6480000)
 Metaspace       used 59966K, committed 61376K, reserved 1114112K
  class space    used 6444K, committed 7040K, reserved 1048576K
}
Event: 107762.159 GC heap before
{Heap before GC invocations=958 (full 3):
 PSYoungGen      total 4096K, used 3936K [0x00000000d5580000, 0x00000000d5b00000, 0x0000000100000000)
  eden space 3584K, 100% used [0x00000000d5580000,0x00000000d5900000,0x00000000d5900000)
  from space 512K, 68% used [0x00000000d5a80000,0x00000000d5ad8000,0x00000000d5b00000)
  to   space 512K, 0% used [0x00000000d5a00000,0x00000000d5a00000,0x00000000d5a80000)
 ParOldGen       total 627200K, used 223338K [0x0000000080000000, 0x00000000a6480000, 0x00000000d5580000)
  object space 627200K, 35% used [0x0000000080000000,0x000000008da1ab58,0x00000000a6480000)
 Metaspace       used 59982K, committed 61376K, reserved 1114112K
  class space    used 6444K, committed 7040K, reserved 1048576K
}
Event: 107762.164 GC heap after
{Heap after GC invocations=958 (full 3):
 PSYoungGen      total 4096K, used 480K [0x00000000d5580000, 0x00000000d5b00000, 0x0000000100000000)
  eden space 3584K, 0% used [0x00000000d5580000,0x00000000d5580000,0x00000000d5900000)
  from space 512K, 93% used [0x00000000d5a00000,0x00000000d5a78020,0x00000000d5a80000)
  to   space 512K, 0% used [0x00000000d5a80000,0x00000000d5a80000,0x00000000d5b00000)
 ParOldGen       total 627200K, used 223394K [0x0000000080000000, 0x00000000a6480000, 0x00000000d5580000)
  object space 627200K, 35% used [0x0000000080000000,0x000000008da28b58,0x00000000a6480000)
 Metaspace       used 59982K, committed 61376K, reserved 1114112K
  class space    used 6444K, committed 7040K, reserved 1048576K
}
Event: 150373.986 GC heap before
{Heap before GC invocations=959 (full 3):
 PSYoungGen      total 4096K, used 4064K [0x00000000d5580000, 0x00000000d5b00000, 0x0000000100000000)
  eden space 3584K, 100% used [0x00000000d5580000,0x00000000d5900000,0x00000000d5900000)
  from space 512K, 93% used [0x00000000d5a00000,0x00000000d5a78020,0x00000000d5a80000)
  to   space 512K, 0% used [0x00000000d5a80000,0x00000000d5a80000,0x00000000d5b00000)
 ParOldGen       total 627200K, used 223394K [0x0000000080000000, 0x00000000a6480000, 0x00000000d5580000)
  object space 627200K, 35% used [0x0000000080000000,0x000000008da28b58,0x00000000a6480000)
 Metaspace       used 60010K, committed 61376K, reserved 1114112K
  class space    used 6445K, committed 7040K, reserved 1048576K
}
Event: 150374.042 GC heap after
{Heap after GC invocations=959 (full 3):
 PSYoungGen      total 4096K, used 416K [0x00000000d5580000, 0x00000000d5b00000, 0x0000000100000000)
  eden space 3584K, 0% used [0x00000000d5580000,0x00000000d5580000,0x00000000d5900000)
  from space 512K, 81% used [0x00000000d5a80000,0x00000000d5ae8000,0x00000000d5b00000)
  to   space 512K, 0% used [0x00000000d5a00000,0x00000000d5a00000,0x00000000d5a80000)
 ParOldGen       total 627200K, used 223442K [0x0000000080000000, 0x00000000a6480000, 0x00000000d5580000)
  object space 627200K, 35% used [0x0000000080000000,0x000000008da34b58,0x00000000a6480000)
 Metaspace       used 60010K, committed 61376K, reserved 1114112K
  class space    used 6445K, committed 7040K, reserved 1048576K
}
Event: 150674.451 GC heap before
{Heap before GC invocations=960 (full 3):
 PSYoungGen      total 4096K, used 3996K [0x00000000d5580000, 0x00000000d5b00000, 0x0000000100000000)
  eden space 3584K, 99% used [0x00000000d5580000,0x00000000d58ff0f8,0x00000000d5900000)
  from space 512K, 81% used [0x00000000d5a80000,0x00000000d5ae8000,0x00000000d5b00000)
  to   space 512K, 0% used [0x00000000d5a00000,0x00000000d5a00000,0x00000000d5a80000)
 ParOldGen       total 627200K, used 223442K [0x0000000080000000, 0x00000000a6480000, 0x00000000d5580000)
  object space 627200K, 35% used [0x0000000080000000,0x000000008da34b58,0x00000000a6480000)
 Metaspace       used 60019K, committed 61440K, reserved 1114112K
  class space    used 6445K, committed 7040K, reserved 1048576K
}
Event: 150674.515 GC heap after
{Heap after GC invocations=960 (full 3):
 PSYoungGen      total 4096K, used 416K [0x00000000d5580000, 0x00000000d5b00000, 0x0000000100000000)
  eden space 3584K, 0% used [0x00000000d5580000,0x00000000d5580000,0x00000000d5900000)
  from space 512K, 81% used [0x00000000d5a00000,0x00000000d5a68020,0x00000000d5a80000)
  to   space 512K, 0% used [0x00000000d5a80000,0x00000000d5a80000,0x00000000d5b00000)
 ParOldGen       total 627200K, used 223514K [0x0000000080000000, 0x00000000a6480000, 0x00000000d5580000)
  object space 627200K, 35% used [0x0000000080000000,0x000000008da46b58,0x00000000a6480000)
 Metaspace       used 60019K, committed 61440K, reserved 1114112K
  class space    used 6445K, committed 7040K, reserved 1048576K
}

Dll operation events (12 events):
Event: 0.036 Loaded shared library c:\Users\kobag\.vscode\extensions\redhat.java-1.50.0-win32-x64\jre\21.0.9-win32-x86_64\bin\java.dll
Event: 0.115 Loaded shared library c:\Users\kobag\.vscode\extensions\redhat.java-1.50.0-win32-x64\jre\21.0.9-win32-x86_64\bin\zip.dll
Event: 0.261 Loaded shared library C:\Users\kobag\.vscode\extensions\redhat.java-1.50.0-win32-x64\jre\21.0.9-win32-x86_64\bin\instrument.dll
Event: 0.276 Loaded shared library C:\Users\kobag\.vscode\extensions\redhat.java-1.50.0-win32-x64\jre\21.0.9-win32-x86_64\bin\net.dll
Event: 0.282 Loaded shared library C:\Users\kobag\.vscode\extensions\redhat.java-1.50.0-win32-x64\jre\21.0.9-win32-x86_64\bin\nio.dll
Event: 0.290 Loaded shared library C:\Users\kobag\.vscode\extensions\redhat.java-1.50.0-win32-x64\jre\21.0.9-win32-x86_64\bin\zip.dll
Event: 0.319 Loaded shared library C:\Users\kobag\.vscode\extensions\redhat.java-1.50.0-win32-x64\jre\21.0.9-win32-x86_64\bin\jimage.dll
Event: 0.538 Loaded shared library c:\Users\kobag\.vscode\extensions\redhat.java-1.50.0-win32-x64\jre\21.0.9-win32-x86_64\bin\verify.dll
Event: 2.538 Loaded shared library C:\Users\kobag\AppData\Roaming\Code\User\globalStorage\redhat.java\1.50.0\config_win\org.eclipse.equinox.launcher\org.eclipse.equinox.launcher.win32.win32.x86_64_1.2.1400.v20250801-0854\eclipse_11916.dll
Event: 4.908 Loaded shared library C:\Users\kobag\AppData\Local\Temp\jna-102220836\jna7473404788927970553.dll
Event: 8.055 Loaded shared library C:\Users\kobag\.vscode\extensions\redhat.java-1.50.0-win32-x64\jre\21.0.9-win32-x86_64\bin\sunmscapi.dll
Event: 8.173 Loaded shared library C:\Users\kobag\.vscode\extensions\redhat.java-1.50.0-win32-x64\jre\21.0.9-win32-x86_64\bin\extnet.dll

Deoptimization events (20 events):
Event: 2702.120 Thread 0x0000022f76f533c0 DEOPT PACKING pc=0x0000022f1ae9e328 sp=0x00000070ba2fea80
Event: 2702.120 Thread 0x0000022f76f533c0 DEOPT UNPACKING pc=0x0000022f215078e2 sp=0x00000070ba2fdfd8 mode 0
Event: 2702.123 Thread 0x0000022f76f533c0 DEOPT PACKING pc=0x0000022f1ae9e328 sp=0x00000070ba2fecd0
Event: 2702.123 Thread 0x0000022f76f533c0 DEOPT UNPACKING pc=0x0000022f215078e2 sp=0x00000070ba2fe228 mode 0
Event: 2702.123 Thread 0x0000022f76f533c0 DEOPT PACKING pc=0x0000022f1ae9e086 sp=0x00000070ba2fecd0
Event: 2702.123 Thread 0x0000022f76f533c0 DEOPT UNPACKING pc=0x0000022f215078e2 sp=0x00000070ba2fe228 mode 0
Event: 2702.124 Thread 0x0000022f76f533c0 DEOPT PACKING pc=0x0000022f1ae9e086 sp=0x00000070ba2fecd0
Event: 2702.124 Thread 0x0000022f76f533c0 DEOPT UNPACKING pc=0x0000022f215078e2 sp=0x00000070ba2fe228 mode 0
Event: 75795.970 Thread 0x0000022f7a894e70 Uncommon trap: trap_request=0xffffffd6 fr.pc=0x0000022f2252be58 relative=0x00000000000003f8
Event: 75795.971 Thread 0x0000022f7a894e70 Uncommon trap: reason=array_check action=maybe_recompile pc=0x0000022f2252be58 method=java.util.concurrent.ScheduledThreadPoolExecutor$DelayedWorkQueue.offer(Ljava/lang/Runnable;)Z @ 65 c2
Event: 75795.971 Thread 0x0000022f7a894e70 DEOPT PACKING pc=0x0000022f2252be58 sp=0x00000070bbbff080
Event: 75795.972 Thread 0x0000022f7a894e70 DEOPT UNPACKING pc=0x0000022f21506da2 sp=0x00000070bbbfeec8 mode 2
Event: 75805.988 Thread 0x0000022f7a894e70 Uncommon trap: trap_request=0xffffffd6 fr.pc=0x0000022f2252be58 relative=0x00000000000003f8
Event: 75805.988 Thread 0x0000022f7a894e70 Uncommon trap: reason=array_check action=maybe_recompile pc=0x0000022f2252be58 method=java.util.concurrent.ScheduledThreadPoolExecutor$DelayedWorkQueue.offer(Ljava/lang/Runnable;)Z @ 65 c2
Event: 75805.988 Thread 0x0000022f7a894e70 DEOPT PACKING pc=0x0000022f2252be58 sp=0x00000070bbbff080
Event: 75805.988 Thread 0x0000022f7a894e70 DEOPT UNPACKING pc=0x0000022f21506da2 sp=0x00000070bbbfeec8 mode 2
Event: 165621.244 Thread 0x0000022f7982ccb0 Uncommon trap: trap_request=0xffffff45 fr.pc=0x0000022f225232cc relative=0x000000000000012c
Event: 165621.246 Thread 0x0000022f7982ccb0 Uncommon trap: reason=unstable_if action=reinterpret pc=0x0000022f225232cc method=java.util.concurrent.atomic.AtomicLong.updateAndGet(Ljava/util/function/LongUnaryOperator;)J @ 32 c2
Event: 165621.247 Thread 0x0000022f7982ccb0 DEOPT PACKING pc=0x0000022f225232cc sp=0x00000070b79feec0
Event: 165621.249 Thread 0x0000022f7982ccb0 DEOPT UNPACKING pc=0x0000022f21506da2 sp=0x00000070b79fee58 mode 2

Classes loaded (20 events):
Event: 362.767 Loading class java/util/stream/Nodes$ConcNode
Event: 362.767 Loading class java/util/stream/Nodes$AbstractConcNode
Event: 362.768 Loading class java/util/stream/Nodes$AbstractConcNode done
Event: 362.768 Loading class java/util/stream/Nodes$ConcNode done
Event: 362.783 Loading class java/io/ObjectOutputStream$BlockDataOutputStream
Event: 362.784 Loading class java/io/ObjectOutputStream$BlockDataOutputStream done
Event: 362.784 Loading class java/io/ObjectOutputStream$HandleTable
Event: 362.784 Loading class java/io/ObjectOutputStream$HandleTable done
Event: 362.784 Loading class java/io/ObjectOutputStream$ReplaceTable
Event: 362.784 Loading class java/io/ObjectOutputStream$ReplaceTable done
Event: 2401.741 Loading class java/util/stream/DistinctOps
Event: 2401.747 Loading class java/util/stream/DistinctOps done
Event: 2401.747 Loading class java/util/stream/DistinctOps$1
Event: 2401.758 Loading class java/util/stream/DistinctOps$1 done
Event: 2401.821 Loading class java/util/stream/DistinctOps$1$2
Event: 2401.823 Loading class java/util/stream/DistinctOps$1$2 done
Event: 2401.989 Loading class java/nio/charset/CharacterCodingException
Event: 2401.991 Loading class java/nio/charset/CharacterCodingException done
Event: 2401.991 Loading class java/io/SequenceInputStream
Event: 2401.992 Loading class java/io/SequenceInputStream done

Classes unloaded (20 events):
Event: 5.912 Thread 0x0000022f6fb54f70 Unloading class 0x0000022f2f1aa800 'java/lang/invoke/LambdaForm$MH+0x0000022f2f1aa800'
Event: 5.912 Thread 0x0000022f6fb54f70 Unloading class 0x0000022f2f1aa400 'java/lang/invoke/LambdaForm$MH+0x0000022f2f1aa400'
Event: 5.912 Thread 0x0000022f6fb54f70 Unloading class 0x0000022f2f1aa000 'java/lang/invoke/LambdaForm$MH+0x0000022f2f1aa000'
Event: 5.912 Thread 0x0000022f6fb54f70 Unloading class 0x0000022f2f1a9c00 'java/lang/invoke/LambdaForm$MH+0x0000022f2f1a9c00'
Event: 5.912 Thread 0x0000022f6fb54f70 Unloading class 0x0000022f2f1a9800 'java/lang/invoke/LambdaForm$BMH+0x0000022f2f1a9800'
Event: 5.912 Thread 0x0000022f6fb54f70 Unloading class 0x0000022f2f1a9400 'java/lang/invoke/LambdaForm$DMH+0x0000022f2f1a9400'
Event: 5.912 Thread 0x0000022f6fb54f70 Unloading class 0x0000022f2f1a8400 'java/lang/invoke/LambdaForm$DMH+0x0000022f2f1a8400'
Event: 7.693 Thread 0x0000022f6fb54f70 Unloading class 0x0000022f2f308c00 'java/lang/invoke/LambdaForm$MH+0x0000022f2f308c00'
Event: 7.693 Thread 0x0000022f6fb54f70 Unloading class 0x0000022f2f308000 'java/lang/invoke/LambdaForm$MH+0x0000022f2f308000'
Event: 7.693 Thread 0x0000022f6fb54f70 Unloading class 0x0000022f2f306c00 'java/lang/invoke/LambdaForm$MH+0x0000022f2f306c00'
Event: 7.693 Thread 0x0000022f6fb54f70 Unloading class 0x0000022f2f306800 'java/lang/invoke/LambdaForm$DMH+0x0000022f2f306800'
Event: 7.693 Thread 0x0000022f6fb54f70 Unloading class 0x0000022f2f305c00 'java/lang/invoke/LambdaForm$MH+0x0000022f2f305c00'
Event: 7.693 Thread 0x0000022f6fb54f70 Unloading class 0x0000022f2f302000 'java/lang/invoke/LambdaForm$MH+0x0000022f2f302000'
Event: 7.693 Thread 0x0000022f6fb54f70 Unloading class 0x0000022f2f301800 'java/lang/invoke/LambdaForm$MH+0x0000022f2f301800'
Event: 7.693 Thread 0x0000022f6fb54f70 Unloading class 0x0000022f2f301000 'java/lang/invoke/LambdaForm$MH+0x0000022f2f301000'
Event: 7.693 Thread 0x0000022f6fb54f70 Unloading class 0x0000022f2f300800 'java/lang/invoke/LambdaForm$MH+0x0000022f2f300800'
Event: 7.693 Thread 0x0000022f6fb54f70 Unloading class 0x0000022f2f300000 'java/lang/invoke/LambdaForm$MH+0x0000022f2f300000'
Event: 7.693 Thread 0x0000022f6fb54f70 Unloading class 0x0000022f2f2e9800 'java/lang/invoke/LambdaForm$MH+0x0000022f2f2e9800'
Event: 7.693 Thread 0x0000022f6fb54f70 Unloading class 0x0000022f2f2e9000 'java/lang/invoke/LambdaForm$MH+0x0000022f2f2e9000'
Event: 7.693 Thread 0x0000022f6fb54f70 Unloading class 0x0000022f2f2e8800 'java/lang/invoke/LambdaForm$DMH+0x0000022f2f2e8800'

Classes redefined (0 events):
No events

Internal exceptions (20 events):
Event: 2702.118 Thread 0x0000022f76f533c0 Exception <a 'sun/nio/fs/WindowsException'{0x00000000d56d8ab8}> (0x00000000d56d8ab8) 
thrown [s\src\hotspot\share\prims\jni.cpp, line 520]
Event: 2702.118 Thread 0x0000022f76f533c0 Exception <a 'sun/nio/fs/WindowsException'{0x00000000d56d9398}> (0x00000000d56d9398) 
thrown [s\src\hotspot\share\prims\jni.cpp, line 520]
Event: 3212.799 Thread 0x0000022f76f533c0 Exception <a 'sun/nio/fs/WindowsException'{0x00000000d55b93a0}> (0x00000000d55b93a0) 
thrown [s\src\hotspot\share\prims\jni.cpp, line 520]
Event: 3212.799 Thread 0x0000022f76f533c0 Exception <a 'sun/nio/fs/WindowsException'{0x00000000d55b9c80}> (0x00000000d55b9c80) 
thrown [s\src\hotspot\share\prims\jni.cpp, line 520]
Event: 3805.097 Thread 0x0000022f76f533c0 Exception <a 'sun/nio/fs/WindowsException'{0x00000000d57e8810}> (0x00000000d57e8810) 
thrown [s\src\hotspot\share\prims\jni.cpp, line 520]
Event: 3805.097 Thread 0x0000022f76f533c0 Exception <a 'sun/nio/fs/WindowsException'{0x00000000d57e90f0}> (0x00000000d57e90f0) 
thrown [s\src\hotspot\share\prims\jni.cpp, line 520]
Event: 4231.813 Thread 0x0000022f7982ccb0 Exception <a 'sun/nio/fs/WindowsException'{0x00000000d56abbd0}> (0x00000000d56abbd0) 
thrown [s\src\hotspot\share\prims\jni.cpp, line 520]
Event: 4231.814 Thread 0x0000022f7982ccb0 Exception <a 'sun/nio/fs/WindowsException'{0x00000000d56ac738}> (0x00000000d56ac738) 
thrown [s\src\hotspot\share\prims\jni.cpp, line 520]
Event: 6089.883 Thread 0x0000022f76f533c0 Exception <a 'sun/nio/fs/WindowsException'{0x00000000d55c8128}> (0x00000000d55c8128) 
thrown [s\src\hotspot\share\prims\jni.cpp, line 520]
Event: 6089.883 Thread 0x0000022f76f533c0 Exception <a 'sun/nio/fs/WindowsException'{0x00000000d55c8a08}> (0x00000000d55c8a08) 
thrown [s\src\hotspot\share\prims\jni.cpp, line 520]
Event: 7764.363 Thread 0x0000022f7982ccb0 Exception <a 'sun/nio/fs/WindowsException'{0x00000000d58034d0}> (0x00000000d58034d0) 
thrown [s\src\hotspot\share\prims\jni.cpp, line 520]
Event: 7764.363 Thread 0x0000022f7982ccb0 Exception <a 'sun/nio/fs/WindowsException'{0x00000000d5803db0}> (0x00000000d5803db0) 
thrown [s\src\hotspot\share\prims\jni.cpp, line 520]
Event: 106805.090 Thread 0x0000022f76f533c0 Exception <a 'sun/nio/fs/WindowsException'{0x00000000d58377e0}> (0x00000000d58377e0) 
thrown [s\src\hotspot\share\prims\jni.cpp, line 520]
Event: 106805.092 Thread 0x0000022f76f533c0 Exception <a 'sun/nio/fs/WindowsException'{0x00000000d58380c0}> (0x00000000d58380c0) 
thrown [s\src\hotspot\share\prims\jni.cpp, line 520]
Event: 107374.161 Thread 0x0000022f7982ccb0 Exception <a 'sun/nio/fs/WindowsException'{0x00000000d575c158}> (0x00000000d575c158) 
thrown [s\src\hotspot\share\prims\jni.cpp, line 520]
Event: 107374.162 Thread 0x0000022f7982ccb0 Exception <a 'sun/nio/fs/WindowsException'{0x00000000d575cd18}> (0x00000000d575cd18) 
thrown [s\src\hotspot\share\prims\jni.cpp, line 520]
Event: 111521.250 Thread 0x0000022f7982d340 Exception <a 'sun/nio/fs/WindowsException'{0x00000000d5805608}> (0x00000000d5805608) 
thrown [s\src\hotspot\share\prims\jni.cpp, line 520]
Event: 111521.256 Thread 0x0000022f7982d340 Exception <a 'sun/nio/fs/WindowsException'{0x00000000d5805f08}> (0x00000000d5805f08) 
thrown [s\src\hotspot\share\prims\jni.cpp, line 520]
Event: 150674.416 Thread 0x0000022f76f533c0 Exception <a 'sun/nio/fs/WindowsException'{0x00000000d58f3e80}> (0x00000000d58f3e80) 
thrown [s\src\hotspot\share\prims\jni.cpp, line 520]
Event: 150674.422 Thread 0x0000022f76f533c0 Exception <a 'sun/nio/fs/WindowsException'{0x00000000d58f4760}> (0x00000000d58f4760) 
thrown [s\src\hotspot\share\prims\jni.cpp, line 520]

ZGC Phase Switch (0 events):
No events

VM Operations (20 events):
Event: 165955.879 Executing VM operation: HandshakeAllThreads (HandshakeForDeflation)
Event: 165955.879 Executing VM operation: HandshakeAllThreads (HandshakeForDeflation) done
Event: 165955.879 Executing VM operation: RendezvousGCThreads
Event: 165955.879 Executing VM operation: RendezvousGCThreads done
Event: 166016.090 Executing VM operation: HandshakeAllThreads (HandshakeForDeflation)
Event: 166016.090 Executing VM operation: HandshakeAllThreads (HandshakeForDeflation) done
Event: 166016.090 Executing VM operation: RendezvousGCThreads
Event: 166016.090 Executing VM operation: RendezvousGCThreads done
Event: 166076.175 Executing VM operation: HandshakeAllThreads (HandshakeForDeflation)
Event: 166076.175 Executing VM operation: HandshakeAllThreads (HandshakeForDeflation) done
Event: 166076.175 Executing VM operation: RendezvousGCThreads
Event: 166076.175 Executing VM operation: RendezvousGCThreads done
Event: 166136.197 Executing VM operation: HandshakeAllThreads (HandshakeForDeflation)
Event: 166136.198 Executing VM operation: HandshakeAllThreads (HandshakeForDeflation) done
Event: 166136.198 Executing VM operation: RendezvousGCThreads
Event: 166136.198 Executing VM operation: RendezvousGCThreads done
Event: 166196.291 Executing VM operation: HandshakeAllThreads (HandshakeForDeflation)
Event: 166196.291 Executing VM operation: HandshakeAllThreads (HandshakeForDeflation) done
Event: 166196.291 Executing VM operation: RendezvousGCThreads
Event: 166196.291 Executing VM operation: RendezvousGCThreads done

Memory protections (0 events):
No events

Nmethod flushes (20 events):
Event: 79.703 Thread 0x0000022f6fb54f70 flushing osr nmethod 0x0000022f1a990490
Event: 79.703 Thread 0x0000022f6fb54f70 flushing  nmethod 0x0000022f1a99b310
Event: 79.703 Thread 0x0000022f6fb54f70 flushing osr nmethod 0x0000022f1a9a3190
Event: 79.703 Thread 0x0000022f6fb54f70 flushing  nmethod 0x0000022f1a9a4290
Event: 79.703 Thread 0x0000022f6fb54f70 flushing  nmethod 0x0000022f1a9a4890
Event: 79.703 Thread 0x0000022f6fb54f70 flushing  nmethod 0x0000022f1a9d8690
Event: 79.703 Thread 0x0000022f6fb54f70 flushing  nmethod 0x0000022f1a9eb210
Event: 79.703 Thread 0x0000022f6fb54f70 flushing  nmethod 0x0000022f1a9fa390
Event: 79.703 Thread 0x0000022f6fb54f70 flushing  nmethod 0x0000022f1a9fec90
Event: 79.703 Thread 0x0000022f6fb54f70 flushing  nmethod 0x0000022f1aa02190
Event: 79.703 Thread 0x0000022f6fb54f70 flushing  nmethod 0x0000022f1aa02510
Event: 79.703 Thread 0x0000022f6fb54f70 flushing  nmethod 0x0000022f1aa02d10
Event: 79.703 Thread 0x0000022f6fb54f70 flushing  nmethod 0x0000022f1aa18a90
Event: 79.703 Thread 0x0000022f6fb54f70 flushing  nmethod 0x0000022f1aa19090
Event: 79.703 Thread 0x0000022f6fb54f70 flushing  nmethod 0x0000022f1aa19790
Event: 79.703 Thread 0x0000022f6fb54f70 flushing  nmethod 0x0000022f1aa1a010
Event: 79.703 Thread 0x0000022f6fb54f70 flushing  nmethod 0x0000022f1aa1c210
Event: 79.703 Thread 0x0000022f6fb54f70 flushing  nmethod 0x0000022f1aa33090
Event: 79.703 Thread 0x0000022f6fb54f70 flushing  nmethod 0x0000022f1aa37c10
Event: 79.703 Thread 0x0000022f6fb54f70 flushing  nmethod 0x0000022f1aa65b90

Events (20 events):
Event: 106805.103 Thread 0x0000022f76f533c0 Thread added: 0x0000022f7982d340
Event: 106805.105 Thread 0x0000022f7982d340 Thread exited: 0x0000022f7982d340
Event: 107374.157 Thread 0x0000022f7982ccb0 Thread added: 0x0000022f7982d9d0
Event: 107374.158 Thread 0x0000022f7982d9d0 Thread exited: 0x0000022f7982d9d0
Event: 107374.164 Thread 0x0000022f7982ccb0 Thread added: 0x0000022f7982d340
Event: 107374.165 Thread 0x0000022f7982d340 Thread exited: 0x0000022f7982d340
Event: 107374.283 Thread 0x0000022f76f533c0 Thread added: 0x0000022f7982d340
Event: 107437.770 Thread 0x0000022f7982ccb0 Thread exited: 0x0000022f7982ccb0
Event: 111521.192 Thread 0x0000022f7982d340 Thread added: 0x0000022f7982ccb0
Event: 111521.207 Thread 0x0000022f7982ccb0 Thread exited: 0x0000022f7982ccb0
Event: 111521.276 Thread 0x0000022f7982d340 Thread added: 0x0000022f7982ccb0
Event: 111521.278 Thread 0x0000022f7982ccb0 Thread exited: 0x0000022f7982ccb0
Event: 111521.394 Thread 0x0000022f7982d340 Thread added: 0x0000022f7982ccb0
Event: 111581.719 Thread 0x0000022f7982d340 Thread exited: 0x0000022f7982d340
Event: 150674.143 Thread 0x0000022f76f533c0 Thread added: 0x0000022f7982d340
Event: 150674.355 Thread 0x0000022f76f533c0 Thread added: 0x0000022f79830e50
Event: 150674.372 Thread 0x0000022f79830e50 Thread exited: 0x0000022f79830e50
Event: 150674.438 Thread 0x0000022f76f533c0 Thread added: 0x0000022f79830e50
Event: 150674.443 Thread 0x0000022f79830e50 Thread exited: 0x0000022f79830e50
Event: 150735.231 Thread 0x0000022f76f533c0 Thread exited: 0x0000022f76f533c0


Dynamic libraries:
0x00007ff6bff50000 - 0x00007ff6bff5e000 	c:\Users\kobag\.vscode\extensions\redhat.java-1.50.0-win32-x64\jre\21.0.9-win32-x86_64\bin\java.exe
0x00007ffa02d40000 - 0x00007ffa02fa7000 	C:\WINDOWS\SYSTEM32\ntdll.dll
0x00007ffa01900000 - 0x00007ffa019c9000 	C:\WINDOWS\System32\KERNEL32.DLL
0x00007ffa00130000 - 0x00007ffa0051f000 	C:\WINDOWS\System32\KERNELBASE.dll
0x00007ffa006a0000 - 0x00007ffa007eb000 	C:\WINDOWS\System32\ucrtbase.dll
0x00007ff9edd00000 - 0x00007ff9edd18000 	c:\Users\kobag\.vscode\extensions\redhat.java-1.50.0-win32-x64\jre\21.0.9-win32-x86_64\bin\jli.dll
0x00007ff9e8db0000 - 0x00007ff9e8dce000 	c:\Users\kobag\.vscode\extensions\redhat.java-1.50.0-win32-x64\jre\21.0.9-win32-x86_64\bin\VCRUNTIME140.dll
0x00007ffa00f80000 - 0x00007ffa01145000 	C:\WINDOWS\System32\USER32.dll
0x00007ff9fff20000 - 0x00007ff9fff47000 	C:\WINDOWS\System32\win32u.dll
0x00007ffa01ff0000 - 0x00007ffa0201b000 	C:\WINDOWS\System32\GDI32.dll
0x00007ffa00000000 - 0x00007ffa0012c000 	C:\WINDOWS\System32\gdi32full.dll
0x00007ffa00530000 - 0x00007ffa005d3000 	C:\WINDOWS\System32\msvcp_win.dll
0x00007ff9eafd0000 - 0x00007ff9eb263000 	C:\WINDOWS\WinSxS\amd64_microsoft.windows.common-controls_6595b64144ccf1df_6.0.26100.7309_none_3e05feeae336a044\COMCTL32.dll
0x00007ffa02c50000 - 0x00007ffa02cf9000 	C:\WINDOWS\System32\msvcrt.dll
0x00007ffa00f40000 - 0x00007ffa00f71000 	C:\WINDOWS\System32\IMM32.DLL
0x00007ff99de70000 - 0x00007ff99dfce000 	C:\WINDOWS\system32\tmumh\20019\AddOn\8.55.0.1403\TmUmEvt64.dll
0x00007ffa02bf0000 - 0x00007ffa02bf8000 	C:\WINDOWS\System32\PSAPI.DLL
0x00007ffa02940000 - 0x00007ffa029f4000 	C:\WINDOWS\System32\ADVAPI32.dll
0x00007ffa00e90000 - 0x00007ffa00f36000 	C:\WINDOWS\System32\sechost.dll
0x00007ffa01e50000 - 0x00007ffa01f68000 	C:\WINDOWS\System32\RPCRT4.dll
0x000000005a7e0000 - 0x000000005a907000 	C:\WINDOWS\system32\tmumh\20019\TmMon\2.9.0.1230\tmmon64.dll
0x00007ff9faee0000 - 0x00007ff9faeec000 	c:\Users\kobag\.vscode\extensions\redhat.java-1.50.0-win32-x64\jre\21.0.9-win32-x86_64\bin\vcruntime140_1.dll
0x00007ff9d5580000 - 0x00007ff9d560d000 	c:\Users\kobag\.vscode\extensions\redhat.java-1.50.0-win32-x64\jre\21.0.9-win32-x86_64\bin\msvcp140.dll
0x00007ff952aa0000 - 0x00007ff953840000 	c:\Users\kobag\.vscode\extensions\redhat.java-1.50.0-win32-x64\jre\21.0.9-win32-x86_64\bin\server\jvm.dll
0x00007ffa01f70000 - 0x00007ffa01fe4000 	C:\WINDOWS\System32\WS2_32.dll
0x00007ff9ffcf0000 - 0x00007ff9ffd4e000 	C:\WINDOWS\SYSTEM32\POWRPROF.dll
0x00007ff9f5bc0000 - 0x00007ff9f5bf5000 	C:\WINDOWS\SYSTEM32\WINMM.dll
0x00007ff9f80c0000 - 0x00007ff9f80cb000 	C:\WINDOWS\SYSTEM32\VERSION.dll
0x00007ff9ffcd0000 - 0x00007ff9ffce4000 	C:\WINDOWS\SYSTEM32\UMPDC.dll
0x00007ff9fec10000 - 0x00007ff9fec2b000 	C:\WINDOWS\SYSTEM32\kernel.appcore.dll
0x00007ff9f9b50000 - 0x00007ff9f9b5a000 	c:\Users\kobag\.vscode\extensions\redhat.java-1.50.0-win32-x64\jre\21.0.9-win32-x86_64\bin\jimage.dll
0x00007ff9ec370000 - 0x00007ff9ec5b2000 	C:\WINDOWS\SYSTEM32\DBGHELP.DLL
0x00007ffa00b00000 - 0x00007ffa00e85000 	C:\WINDOWS\System32\combase.dll
0x00007ffa01c50000 - 0x00007ffa01d26000 	C:\WINDOWS\System32\OLEAUT32.dll
0x00007ff9ec330000 - 0x00007ff9ec36c000 	C:\WINDOWS\SYSTEM32\dbgcore.DLL
0x00007ff9fff50000 - 0x00007ff9ffff5000 	C:\WINDOWS\System32\bcryptPrimitives.dll
0x00007ff9edf00000 - 0x00007ff9edf0f000 	c:\Users\kobag\.vscode\extensions\redhat.java-1.50.0-win32-x64\jre\21.0.9-win32-x86_64\bin\instrument.dll
0x00007ff9e7a10000 - 0x00007ff9e7a30000 	c:\Users\kobag\.vscode\extensions\redhat.java-1.50.0-win32-x64\jre\21.0.9-win32-x86_64\bin\java.dll
0x0000022f71650000 - 0x0000022f71da3000 	C:\WINDOWS\System32\SHELL32.dll
0x00007ffa00970000 - 0x00007ffa00ada000 	C:\WINDOWS\System32\wintypes.dll
0x00007ff9fda70000 - 0x00007ff9fe2ce000 	C:\WINDOWS\SYSTEM32\windows.storage.dll
0x00007ffa01ad0000 - 0x00007ffa01bc5000 	C:\WINDOWS\System32\SHCORE.dll
0x00007ffa019d0000 - 0x00007ffa01a36000 	C:\WINDOWS\System32\shlwapi.dll
0x00007ff9ffdb0000 - 0x00007ff9ffdd9000 	C:\WINDOWS\SYSTEM32\profapi.dll
0x00007ff9e3940000 - 0x00007ff9e3958000 	c:\Users\kobag\.vscode\extensions\redhat.java-1.50.0-win32-x64\jre\21.0.9-win32-x86_64\bin\zip.dll
0x00007ff9ed790000 - 0x00007ff9ed7a0000 	C:\Users\kobag\.vscode\extensions\redhat.java-1.50.0-win32-x64\jre\21.0.9-win32-x86_64\bin\net.dll
0x00007ff9f7d60000 - 0x00007ff9f7e88000 	C:\WINDOWS\SYSTEM32\WINHTTP.dll
0x00007ff9ff1b0000 - 0x00007ff9ff21b000 	C:\WINDOWS\system32\mswsock.dll
0x00007ff9e0fa0000 - 0x00007ff9e0fb6000 	C:\Users\kobag\.vscode\extensions\redhat.java-1.50.0-win32-x64\jre\21.0.9-win32-x86_64\bin\nio.dll
0x00007ff9e8da0000 - 0x00007ff9e8db0000 	c:\Users\kobag\.vscode\extensions\redhat.java-1.50.0-win32-x64\jre\21.0.9-win32-x86_64\bin\verify.dll
0x00007ff9a5fc0000 - 0x00007ff9a6004000 	C:\Users\kobag\AppData\Roaming\Code\User\globalStorage\redhat.java\1.50.0\config_win\org.eclipse.equinox.launcher\org.eclipse.equinox.launcher.win32.win32.x86_64_1.2.1400.v20250801-0854\eclipse_11916.dll
0x00007ffa012d0000 - 0x00007ffa01467000 	C:\WINDOWS\System32\ole32.dll
0x00007ff9ff470000 - 0x00007ff9ff48b000 	C:\WINDOWS\SYSTEM32\CRYPTSP.dll
0x00007ff9feb70000 - 0x00007ff9febaa000 	C:\WINDOWS\system32\rsaenh.dll
0x00007ff9ff260000 - 0x00007ff9ff28b000 	C:\WINDOWS\SYSTEM32\USERENV.dll
0x00007ff9ffd80000 - 0x00007ff9ffdaa000 	C:\WINDOWS\SYSTEM32\bcrypt.dll
0x00007ff9ff490000 - 0x00007ff9ff49c000 	C:\WINDOWS\SYSTEM32\CRYPTBASE.dll
0x00007ff9fe5f0000 - 0x00007ff9fe624000 	C:\WINDOWS\SYSTEM32\IPHLPAPI.DLL
0x00007ffa012c0000 - 0x00007ffa012ca000 	C:\WINDOWS\System32\NSI.dll
0x00007ff9a4e60000 - 0x00007ff9a4ea9000 	C:\Users\kobag\AppData\Local\Temp\jna-102220836\jna7473404788927970553.dll
0x00007ff9f80d0000 - 0x00007ff9f80ee000 	C:\WINDOWS\SYSTEM32\dhcpcsvc6.DLL
0x00007ff9f7800000 - 0x00007ff9f7823000 	C:\WINDOWS\SYSTEM32\dhcpcsvc.DLL
0x00007ff9e4090000 - 0x00007ff9e409e000 	C:\Users\kobag\.vscode\extensions\redhat.java-1.50.0-win32-x64\jre\21.0.9-win32-x86_64\bin\sunmscapi.dll
0x00007ffa007f0000 - 0x00007ffa00967000 	C:\WINDOWS\System32\CRYPT32.dll
0x00007ff9ff690000 - 0x00007ff9ff6c0000 	C:\WINDOWS\SYSTEM32\ncrypt.dll
0x00007ff9ff640000 - 0x00007ff9ff67f000 	C:\WINDOWS\SYSTEM32\NTASN1.dll
0x00007ff9fe680000 - 0x00007ff9fe7ac000 	C:\WINDOWS\SYSTEM32\DNSAPI.dll
0x00007ff9f0510000 - 0x00007ff9f051b000 	C:\Windows\System32\rasadhlp.dll
0x00007ff9f5760000 - 0x00007ff9f57e6000 	C:\WINDOWS\System32\fwpuclnt.dll
0x00007ff9e3b60000 - 0x00007ff9e3b69000 	C:\Users\kobag\.vscode\extensions\redhat.java-1.50.0-win32-x64\jre\21.0.9-win32-x86_64\bin\extnet.dll

JVMTI agents:
c:\Users\kobag\.vscode\extensions\redhat.java-1.50.0-win32-x64\lombok\lombok-1.18.39-4050.jar path:c:\Users\kobag\.vscode\extensions\redhat.java-1.50.0-win32-x64\jre\21.0.9-win32-x86_64\bin\instrument.dll, loaded, initialized, instrumentlib options:none

dbghelp: loaded successfully - version: 4.0.5 - missing functions: none
symbol engine: initialized successfully - sym options: 0x614 - pdb path: .;c:\Users\kobag\.vscode\extensions\redhat.java-1.50.0-win32-x64\jre\21.0.9-win32-x86_64\bin;C:\WINDOWS\SYSTEM32;C:\WINDOWS\WinSxS\amd64_microsoft.windows.common-controls_6595b64144ccf1df_6.0.26100.7309_none_3e05feeae336a044;C:\WINDOWS\system32\tmumh\20019\AddOn\8.55.0.1403;C:\WINDOWS\system32\tmumh\20019\TmMon\2.9.0.1230;c:\Users\kobag\.vscode\extensions\redhat.java-1.50.0-win32-x64\jre\21.0.9-win32-x86_64\bin\server;C:\Users\kobag\AppData\Roaming\Code\User\globalStorage\redhat.java\1.50.0\config_win\org.eclipse.equinox.launcher\org.eclipse.equinox.launcher.win32.win32.x86_64_1.2.1400.v20250801-0854;C:\Users\kobag\AppData\Local\Temp\jna-102220836

VM Arguments:
jvm_args: --add-modules=ALL-SYSTEM --add-opens=java.base/java.util=ALL-UNNAMED --add-opens=java.base/java.lang=ALL-UNNAMED --add-opens=java.base/sun.nio.fs=ALL-UNNAMED -Declipse.application=org.eclipse.jdt.ls.core.id1 -Dosgi.bundles.defaultStartLevel=4 -Declipse.product=org.eclipse.jdt.ls.core.product -Djava.import.generatesMetadataFilesAtProjectRoot=false -DDetectVMInstallationsJob.disabled=true -Dfile.encoding=utf8 -XX:+UseParallelGC -XX:GCTimeRatio=4 -XX:AdaptiveSizePolicyWeight=90 -Dsun.zip.disableMemoryMapping=true -Xmx2G -Xms100m -Xlog:disable -javaagent:c:\Users\kobag\.vscode\extensions\redhat.java-1.50.0-win32-x64\lombok\lombok-1.18.39-4050.jar -XX:+HeapDumpOnOutOfMemoryError -XX:HeapDumpPath=c:\Users\kobag\AppData\Roaming\Code\User\workspaceStorage\8701cea4ed15b90149a67a4907d0c3e1\redhat.java -Daether.dependencyCollector.impl=bf 
java_command: c:\Users\kobag\.vscode\extensions\redhat.java-1.50.0-win32-x64\server\plugins\org.eclipse.equinox.launcher_1.7.100.v20251111-0406.jar -configuration c:\Users\kobag\AppData\Roaming\Code\User\globalStorage\redhat.java\1.50.0\config_win -data c:\Users\kobag\AppData\Roaming\Code\User\workspaceStorage\8701cea4ed15b90149a67a4907d0c3e1\redhat.java\jdt_ws --pipe=\\.\pipe\lsp-b1306205cbb227c0a3d538be5f88a45e-sock
java_class_path (initial): c:\Users\kobag\.vscode\extensions\redhat.java-1.50.0-win32-x64\server\plugins\org.eclipse.equinox.launcher_1.7.100.v20251111-0406.jar
Launcher Type: SUN_STANDARD

[Global flags]
    uintx AdaptiveSizePolicyWeight                 = 90                                        {product} {command line}
     intx CICompilerCount                          = 12                                        {product} {ergonomic}
    uintx GCTimeRatio                              = 4                                         {product} {command line}
     bool HeapDumpOnOutOfMemoryError               = true                                   {manageable} {command line}
    ccstr HeapDumpPath                             = c:\Users\kobag\AppData\Roaming\Code\User\workspaceStorage\8701cea4ed15b90149a67a4907d0c3e1\redhat.java         {manageable} {command line}
   size_t InitialHeapSize                          = 104857600                                 {product} {command line}
   size_t MaxHeapSize                              = 2147483648                                {product} {command line}
   size_t MaxNewSize                               = 715653120                                 {product} {ergonomic}
   size_t MinHeapDeltaBytes                        = 524288                                    {product} {ergonomic}
   size_t MinHeapSize                              = 104857600                                 {product} {command line}
   size_t NewSize                                  = 34603008                                  {product} {ergonomic}
    uintx NonNMethodCodeHeapSize                   = 7602480                                {pd product} {ergonomic}
    uintx NonProfiledCodeHeapSize                  = 122027880                              {pd product} {ergonomic}
   size_t OldSize                                  = 70254592                                  {product} {ergonomic}
    uintx ProfiledCodeHeapSize                     = 122027880                              {pd product} {ergonomic}
    uintx ReservedCodeCacheSize                    = 251658240                              {pd product} {ergonomic}
     bool SegmentedCodeCache                       = true                                      {product} {ergonomic}
   size_t SoftMaxHeapSize                          = 2147483648                             {manageable} {ergonomic}
     bool UseCompressedOops                        = true                           {product lp64_product} {ergonomic}
     bool UseLargePagesIndividualAllocation        = false                                  {pd product} {ergonomic}
     bool UseParallelGC                            = true                                      {product} {command line}

Logging:
Log output configuration:
 #0: stdout all=off uptime,level,tags foldmultilines=false
 #1: stderr all=off uptime,level,tags foldmultilines=false

Release file:
JAVA_VERSION="21.0.9" 
MODULES="java.base java.compiler java.datatransfer java.xml java.prefs java.desktop java.instrument java.logging java.management java.security.sasl java.naming java.rmi java.management.rmi java.net.http java.scripting java.security.jgss java.transaction.xa java.sql java.sql.rowset java.xml.crypto java.se java.smartcardio jdk.accessibility jdk.internal.jvmstat jdk.attach jdk.charsets jdk.internal.opt jdk.zipfs jdk.compiler jdk.crypto.ec jdk.crypto.cryptoki jdk.crypto.mscapi jdk.dynalink jdk.internal.ed jdk.editpad jdk.hotspot.agent jdk.httpserver jdk.internal.le jdk.internal.vm.ci jdk.internal.vm.compiler jdk.internal.vm.compiler.management jdk.jartool jdk.javadoc jdk.jcmd jdk.management jdk.management.agent jdk.jconsole jdk.jdeps jdk.jdwp.agent jdk.jdi jdk.jfr jdk.jshell jdk.jsobject jdk.jstatd jdk.localedata jdk.management.jfr jdk.naming.dns jdk.naming.rmi jdk.net jdk.nio.mapmode jdk.random jdk.sctp jdk.security.auth jdk.security.jgss jdk.unsupported jdk.unsupported.desktop jdk.xml.dom" 

Environment Variables:
PATH=C:\Program Files\Common Files\Oracle\Java\javapath;C:\WINDOWS\system32;C:\WINDOWS;C:\WINDOWS\System32\Wbem;C:\WINDOWS\System32\WindowsPowerShell\v1.0\;C:\WINDOWS\System32\OpenSSH\;C:\Program Files\dotnet\;C:\Program Files\nodejs\;C:\Program Files\Git\cmd;C:\Users\kobag\AppData\Local\Microsoft\WindowsApps;C:\Users\kobag\AppData\Local\Programs\Microsoft VS Code\bin;C:\Users\kobag\AppData\Local\JetBrains\Toolbox\scripts;C:\Program Files\MySQL\MySQL Server 8.0\bin;C:\Users\kobag\AppData\Roaming\npm
USERNAME=kobag
OS=Windows_NT
PROCESSOR_IDENTIFIER=Intel64 Family 6 Model 167 Stepping 1, GenuineIntel
TMP=C:\Users\kobag\AppData\Local\Temp
TEMP=C:\Users\kobag\AppData\Local\Temp




Periodic native trim disabled

---------------  S Y S T E M  ---------------

OS:
 Windows 11 , 64 bit Build 26100 (10.0.26100.7309)
OS uptime: 13 days 16:11 hours
Hyper-V role detected

CPU: total 16 (initial active 16) (8 cores per cpu, 2 threads per core) family 6 model 167 stepping 1 microcode 0x50, cx8, cmov, fxsr, ht, mmx, 3dnowpref, sse, sse2, sse3, ssse3, sse4.1, sse4.2, popcnt, lzcnt, tsc, tscinvbit, avx, avx2, aes, erms, clmul, bmi1, bmi2, adx, avx512f, avx512dq, avx512cd, avx512bw, avx512vl, sha, fma, vzeroupper, avx512_vpopcntdq, avx512_vpclmulqdq, avx512_vaes, avx512_vnni, clflush, clflushopt, avx512_vbmi2, avx512_vbmi, hv, rdtscp, rdpid, fsrm, gfni, avx512_bitalg, f16c, avx512_ifma
Processor Information for the first 16 processors :
  Max Mhz: 2496, Current Mhz: 2496, Mhz Limit: 2496

Memory: 4k page, system-wide physical 16149M (659M free)
TotalPageFile size 65301M (AvailPageFile size 1M)
current process WorkingSet (physical memory assigned to process): 9M, peak: 969M
current process commit charge ("private bytes"): 928M, peak: 953M

vm_info: OpenJDK 64-Bit Server VM (21.0.9+10-LTS) for windows-amd64 JRE (21.0.9+10-LTS), built on 2025-10-21T00:00:00Z by "admin" with unknown MS VC++:1942

END.
